\BOOKMARK [1][-]{section.1}{\376\377\000I\000n\000t\000r\000o\000d\000u\000c\000t\000i\000o\000n}{}% 1
\BOOKMARK [1][-]{section.2}{\376\377\000M\000e\000t\000h\000o\000d}{}% 2
\BOOKMARK [2][-]{subsection.2.1}{\376\377\000P\000r\000u\000n\000i\000n\000g\000\040\000r\000i\000s\000k\000\040\000a\000s\000\040\000s\000e\000c\000o\000n\000d\000-\000o\000r\000d\000e\000r\000\040\000s\000e\000l\000f\000-\000d\000i\000s\000t\000i\000l\000l\000a\000t\000i\000o\000n}{section.2}% 3
\BOOKMARK [2][-]{subsection.2.2}{\376\377\000E\000s\000t\000i\000m\000a\000t\000i\000n\000g\000\040\000t\000h\000e\000\040\000e\000d\000g\000e\000\040\000m\000a\000t\000r\000i\000x\000\040\000f\000r\000o\000m\000\040\000s\000i\000n\000g\000l\000e\000-\000u\000n\000i\000t\000\040\000a\000b\000l\000a\000t\000i\000o\000n\000s}{section.2}% 4
\BOOKMARK [2][-]{subsection.2.3}{\376\377\000O\000n\000e\000-\000s\000h\000o\000t\000\040\000c\000o\000s\000t\000-\000n\000o\000r\000m\000a\000l\000i\000s\000e\000d\000\040\000g\000r\000e\000e\000d\000y\000\040\000c\000o\000-\000p\000r\000u\000n\000i\000n\000g}{section.2}% 5
\BOOKMARK [2][-]{subsection.2.4}{\376\377\000I\000n\000t\000e\000r\000a\000c\000t\000i\000o\000n\000\040\000s\000t\000r\000e\000n\000g\000t\000h\000:\000\040\000a\000\040\000p\000a\000t\000h\000,\000\040\000n\000o\000t\000\040\000a\000\040\000h\000y\000p\000e\000r\000p\000a\000r\000a\000m\000e\000t\000e\000r}{section.2}% 6
\BOOKMARK [1][-]{section.3}{\376\377\000E\000x\000p\000e\000r\000i\000m\000e\000n\000t\000s}{}% 7
\BOOKMARK [2][-]{subsection.3.1}{\376\377\000S\000e\000t\000u\000p}{section.3}% 8
\BOOKMARK [2][-]{subsection.3.2}{\376\377\000M\000a\000i\000n\000\040\000r\000e\000s\000u\000l\000t\000s}{section.3}% 9
\BOOKMARK [2][-]{subsection.3.3}{\376\377\000A\000b\000l\000a\000t\000i\000o\000n\000s\000:\000\040\000w\000h\000a\000t\000\040\000t\000h\000e\000\040\000e\000d\000g\000e\000\040\000t\000e\000r\000m\000\040\000b\000u\000y\000s}{section.3}% 10
\BOOKMARK [2][-]{subsection.3.4}{\376\377\000E\000f\000f\000i\000c\000i\000e\000n\000c\000y}{section.3}% 11
\BOOKMARK [2][-]{subsection.3.5}{\376\377\000W\000i\000t\000h\000\040\000a\000\040\000l\000i\000g\000h\000t\000\040\000r\000e\000c\000o\000v\000e\000r\000y\000\040\000s\000t\000a\000g\000e}{section.3}% 12
\BOOKMARK [2][-]{subsection.3.6}{\376\377\000B\000e\000y\000o\000n\000d\000\040\000o\000n\000e\000\040\000t\000o\000w\000e\000r\000:\000\040\000v\000i\000s\000i\000o\000n\040\023\000l\000a\000n\000g\000u\000a\000g\000e\000\040\000m\000o\000d\000e\000l\000s}{section.3}% 13
\BOOKMARK [1][-]{section.4}{\376\377\000T\000h\000e\000\040\000A\000n\000a\000t\000o\000m\000y\000\040\000o\000f\000\040\000C\000o\000-\000P\000r\000u\000n\000i\000n\000g\000\040\000C\000u\000r\000v\000a\000t\000u\000r\000e}{}% 14
\BOOKMARK [1][-]{section.5}{\376\377\000R\000e\000l\000a\000t\000e\000d\000\040\000W\000o\000r\000k}{}% 15
\BOOKMARK [1][-]{section.6}{\376\377\000C\000o\000n\000c\000l\000u\000s\000i\000o\000n}{}% 16
\BOOKMARK [1][-]{section.A}{\376\377\000M\000e\000t\000h\000o\000d\000\040\000a\000n\000d\000\040\000A\000l\000g\000o\000r\000i\000t\000h\000m\000i\000c\000\040\000D\000e\000t\000a\000i\000l\000s}{}% 17
\BOOKMARK [2][-]{subsection.A.1}{\376\377\000N\000o\000t\000a\000t\000i\000o\000n}{section.A}% 18
\BOOKMARK [2][-]{subsection.A.2}{\376\377\000S\000t\000r\000u\000c\000t\000u\000r\000e\000d\000\040\000U\000n\000i\000t\000s\000,\000\040\000M\000a\000s\000k\000\040\000S\000e\000m\000a\000n\000t\000i\000c\000s\000,\000\040\000a\000n\000d\000\040\000P\000h\000y\000s\000i\000c\000a\000l\000\040\000P\000r\000u\000n\000i\000n\000g}{section.A}% 19
\BOOKMARK [2][-]{subsection.A.3}{\376\377\000T\000h\000e\000\040\000C\000o\000C\000u\000r\000v\000e\000\040\000E\000s\000t\000i\000m\000a\000t\000o\000r}{section.A}% 20
\BOOKMARK [2][-]{subsection.A.4}{\376\377\000T\000h\000e\000\040\000G\000r\000e\000e\000d\000y\000\040\000C\000o\000-\000P\000r\000u\000n\000i\000n\000g\000\040\000S\000o\000l\000v\000e\000r}{section.A}% 21
\BOOKMARK [3][-]{subsubsection.A.4.1}{\376\377\000C\000o\000m\000p\000l\000e\000x\000i\000t\000y\000\040\000a\000n\000d\000\040\000c\000o\000s\000t}{subsection.A.4}% 22
\BOOKMARK [2][-]{subsection.A.5}{\376\377\000E\000d\000g\000e\000-\000D\000e\000r\000i\000v\000e\000d\000\040\000C\000o\000u\000p\000l\000i\000n\000g\000-\000A\000w\000a\000r\000e\000\040\000C\000o\000m\000p\000e\000n\000s\000a\000t\000i\000o\000n}{section.A}% 23
\BOOKMARK [1][-]{section.B}{\376\377\000T\000h\000e\000o\000r\000e\000t\000i\000c\000a\000l\000\040\000A\000n\000a\000l\000y\000s\000i\000s}{}% 24
\BOOKMARK [2][-]{subsection.B.1}{\376\377\000G\000e\000o\000m\000e\000t\000r\000y\000\040\000o\000f\000\040\000t\000h\000e\000\040\000P\000r\000u\000n\000i\000n\000g\000\040\000R\000i\000s\000k}{section.B}% 25
\BOOKMARK [2][-]{subsection.B.2}{\376\377\000T\000r\000a\000c\000t\000a\000b\000l\000e\000\040\000E\000s\000t\000i\000m\000a\000t\000i\000o\000n}{section.B}% 26
\BOOKMARK [2][-]{subsection.B.3}{\376\377\000C\000o\000n\000n\000e\000c\000t\000i\000o\000n\000\040\000t\000o\000\040\000C\000l\000a\000s\000s\000i\000c\000a\000l\000\040\000P\000r\000u\000n\000i\000n\000g}{section.B}% 27
\BOOKMARK [3][-]{subsubsection.B.3.1}{\376\377\000S\000e\000l\000e\000c\000t\000i\000n\000g\000\040\000t\000h\000e\000\040\000I\000n\000t\000e\000r\000a\000c\000t\000i\000o\000n\000\040\000S\000t\000r\000e\000n\000g\000t\000h}{subsection.B.3}% 28
\BOOKMARK [3][-]{subsubsection.B.3.2}{\376\377\000S\000t\000a\000b\000i\000l\000i\000t\000y\000\040\000o\000f\000\040\000t\000h\000e\000\040\000e\000s\000t\000i\000m\000a\000t\000e\000d\000\040\000m\000a\000t\000r\000i\000x}{subsection.B.3}% 29
\BOOKMARK [2][-]{subsection.B.4}{\376\377\000S\000o\000l\000v\000e\000r\000\040\000G\000u\000a\000r\000a\000n\000t\000e\000e\000s}{section.B}% 30
\BOOKMARK [1][-]{section.C}{\376\377\000E\000x\000p\000e\000r\000i\000m\000e\000n\000t\000a\000l\000\040\000S\000e\000t\000u\000p}{}% 31
\BOOKMARK [2][-]{subsection.C.1}{\376\377\000D\000a\000t\000a\000s\000e\000t\000s}{section.C}% 32
\BOOKMARK [2][-]{subsection.C.2}{\376\377\000M\000o\000d\000e\000l\000s\000\040\000a\000n\000d\000\040\000E\000x\000p\000e\000r\000i\000m\000e\000n\000t\000a\000l\000\040\000P\000r\000o\000t\000o\000c\000o\000l}{section.C}% 33
\BOOKMARK [2][-]{subsection.C.3}{\376\377\000B\000a\000s\000e\000l\000i\000n\000e\000\040\000M\000e\000t\000h\000o\000d\000s}{section.C}% 34
\BOOKMARK [2][-]{subsection.C.4}{\376\377\000E\000v\000a\000l\000u\000a\000t\000i\000o\000n\000\040\000P\000r\000o\000t\000o\000c\000o\000l}{section.C}% 35
\BOOKMARK [1][-]{section.D}{\376\377\000C\000o\000m\000p\000l\000e\000t\000e\000\040\000R\000e\000s\000u\000l\000t\000s}{}% 36
\BOOKMARK [2][-]{subsection.D.1}{\376\377\000F\000u\000l\000l\000\040\000P\000e\000r\000-\000M\000o\000d\000e\000l\000\040\000R\000e\000s\000u\000l\000t\000s}{section.D}% 37
\BOOKMARK [2][-]{subsection.D.2}{\376\377\000P\000r\000u\000n\000i\000n\000g\000-\000R\000a\000t\000i\000o\000\040\000S\000w\000e\000e\000p}{section.D}% 38
\BOOKMARK [2][-]{subsection.D.3}{\376\377\000T\000h\000e\000\040\000R\000e\000c\000o\000v\000e\000r\000y\000\040\000S\000t\000a\000g\000e}{section.D}% 39
\BOOKMARK [2][-]{subsection.D.4}{\376\377\000E\000f\000f\000i\000c\000i\000e\000n\000c\000y}{section.D}% 40
\BOOKMARK [3][-]{subsubsection.D.4.1}{\376\377\000W\000h\000a\000t\000\040\000t\000h\000e\000\040\000s\000e\000l\000e\000c\000t\000i\000o\000n\000\040\000c\000o\000s\000t\000\040\000b\000u\000y\000s}{subsection.D.4}% 41
\BOOKMARK [1][-]{section.E}{\376\377\000M\000e\000c\000h\000a\000n\000i\000s\000m\000,\000\040\000A\000b\000l\000a\000t\000i\000o\000n\000s\000,\000\040\000a\000n\000d\000\040\000R\000o\000b\000u\000s\000t\000n\000e\000s\000s}{}% 42
\BOOKMARK [2][-]{subsection.E.1}{\376\377\000E\000x\000t\000e\000n\000d\000e\000d\000\040\000A\000b\000l\000a\000t\000i\000o\000n\000s}{section.E}% 43
\BOOKMARK [2][-]{subsection.E.2}{\376\377\000S\000u\000r\000r\000o\000g\000a\000t\000e\000\040\000F\000i\000d\000e\000l\000i\000t\000y\000:\000\040\000E\000m\000p\000i\000r\000i\000c\000a\000l\000\040\000S\000t\000u\000d\000y}{section.E}% 44
\BOOKMARK [3][-]{subsubsection.E.2.1}{\376\377\000S\000e\000n\000s\000i\000t\000i\000v\000i\000t\000y\000\040\000t\000o\000\040\000t\000h\000e\000\040\000S\000u\000r\000r\000o\000g\000a\000t\000e\000\040\000B\000u\000d\000g\000e\000t}{subsection.E.2}% 45
\BOOKMARK [2][-]{subsection.E.3}{\376\377\000M\000e\000c\000h\000a\000n\000i\000s\000m\000\040\000A\000n\000a\000l\000y\000s\000i\000s}{section.E}% 46
\BOOKMARK [3][-]{subsubsection.E.3.1}{\376\377\000F\000i\000d\000e\000l\000i\000t\000y\000\040\000t\000o\000\040\000t\000h\000e\000\040\000D\000e\000n\000s\000e\000\040\000M\000o\000d\000e\000l}{subsection.E.3}% 47
\BOOKMARK [2][-]{subsection.E.4}{\376\377\000F\000e\000w\000-\000S\000h\000o\000t\000\040\000P\000r\000o\000m\000p\000t\000i\000n\000g}{section.E}% 48
\BOOKMARK [2][-]{subsection.E.5}{\376\377\000C\000o\000m\000p\000o\000s\000i\000t\000i\000o\000n\000\040\000w\000i\000t\000h\000\040\000Q\000u\000a\000n\000t\000i\000s\000a\000t\000i\000o\000n}{section.E}% 49
\BOOKMARK [2][-]{subsection.E.6}{\376\377\000R\000o\000b\000u\000s\000t\000n\000e\000s\000s\000\040\000o\000f\000\040\000t\000h\000e\000\040\000S\000e\000l\000e\000c\000t\000i\000o\000n}{section.E}% 50
\BOOKMARK [2][-]{subsection.E.7}{\376\377\000H\000o\000w\000\040\000s\000t\000a\000b\000l\000e\000\040\000i\000s\000\040\000t\000h\000e\000\040\000s\000e\000l\000e\000c\000t\000e\000d\000\040\000l\000a\000m\000b\000d\000a\000?}{section.E}% 51
\BOOKMARK [2][-]{subsection.E.8}{\376\377\000R\000e\000b\000u\000i\000l\000d\000i\000n\000g\000\040\000t\000h\000e\000\040\000c\000u\000r\000v\000a\000t\000u\000r\000e\000\040\000f\000r\000o\000m\000\040\000i\000n\000d\000e\000p\000e\000n\000d\000e\000n\000t\000\040\000c\000a\000l\000i\000b\000r\000a\000t\000i\000o\000n\000\040\000t\000e\000x\000t}{section.E}% 52
\BOOKMARK [2][-]{subsection.E.9}{\376\377\000V\000i\000s\000i\000o\000n\040\023\000L\000a\000n\000g\000u\000a\000g\000e\000\040\000M\000o\000d\000e\000l\000s\000:\000\040\000P\000e\000r\000-\000B\000e\000n\000c\000h\000m\000a\000r\000k\000\040\000R\000e\000s\000u\000l\000t\000s}{section.E}% 53
\BOOKMARK [2][-]{subsection.E.10}{\376\377\000V\000i\000s\000i\000o\000n\040\023\000L\000a\000n\000g\000u\000a\000g\000e\000\040\000M\000o\000d\000e\000l\000s\000:\000\040\000W\000h\000a\000t\000\040\000a\000\040\000R\000e\000c\000o\000v\000e\000r\000y\000\040\000S\000t\000a\000g\000e\000\040\000C\000h\000a\000n\000g\000e\000s}{section.E}% 54
\BOOKMARK [1][-]{section.F}{\376\377\000D\000i\000s\000c\000u\000s\000s\000i\000o\000n}{}% 55
\BOOKMARK [2][-]{subsection.F.1}{\376\377\000E\000x\000t\000e\000n\000d\000e\000d\000\040\000R\000e\000l\000a\000t\000e\000d\000\040\000W\000o\000r\000k}{section.F}% 56
\BOOKMARK [2][-]{subsection.F.2}{\376\377\000L\000i\000m\000i\000t\000a\000t\000i\000o\000n\000s}{section.F}% 57
\BOOKMARK [2][-]{subsection.F.3}{\376\377\000B\000r\000o\000a\000d\000e\000r\000\040\000I\000m\000p\000a\000c\000t}{section.F}% 58
\BOOKMARK [2][-]{subsection.F.4}{\376\377\000A\000s\000s\000e\000t\000s\000,\000\040\000L\000i\000c\000e\000n\000c\000e\000s\000\040\000a\000n\000d\000\040\000E\000t\000h\000i\000c\000s}{section.F}% 59
\BOOKMARK [2][-]{subsection.F.5}{\376\377\000R\000e\000p\000r\000o\000d\000u\000c\000i\000b\000i\000l\000i\000t\000y\000\040\000C\000h\000e\000c\000k\000l\000i\000s\000t}{section.F}% 60
